python : 2026-02-17 
11:11:36,782 - 
CubieApp - INFO - 
LLM Classification: 
<MagicMock name='Clie
nt().models.generate_
content().text.strip(
).upper()' 
id='1936691859856'> 
for query: 'What is 
the capital of 
France?'
At line:1 char:1
+ python 
reproduce_429.py > 
test_output.txt 2>&1
+ ~~~~~~~~~~~~~~~~~~~
~~~~~~~~~~~~~~~~~~~~~
~~~~~~
    + CategoryInfo   
           : NotSpe  
  cified: (2026-02   
 -17 11:1...tal o    
f France?':Strin    
g) [], RemoteExc    
eption
    + FullyQualified 
   ErrorId : Native  
  CommandError
 
2026-02-17 
11:11:36,783 - 
CubieApp - INFO - 
Query='What is the 
capital of 
France?...', explicit
_mode='help', detecte
d_intent='help'
2026-02-17 
11:11:36,785 - 
CubieApp - ERROR - 
Document search 
failed: shapes (0,) 
and (3072,) not 
aligned: 0 (dim 0) 
!= 3072 (dim 0)
2026-02-17 
11:11:36,785 - 
CubieApp - ERROR - 
Gemini API Error: 
429 429 Resource 
Exhausted
2026-02-17 
11:11:36,785 - 
CubieApp - ERROR - 
Global error: 
'charmap' codec 
can't encode 
characters in 
position 7-8: 
character maps to 
<undefined>
Traceback (most 
recent call last):
  File "E:\QB\CubieHe
lp-main\reproduce_429
.py", line 45, in 
test_429_error
    print(f"Reply: 
{body.get('reply')}")
  File "C:\Users\logi
s\AppData\Local\Progr
ams\Python\Python311\
Lib\encodings\cp1252.
py", line 19, in 
encode
    return codecs.cha
rmap_encode(input,sel
f.errors,encoding_tab
le)[0]
           ^^^^^^^^^^
^^^^^^^^^^^^^^^^^^^^^
^^^^^^^^^^^^^^^^^^^^^
^^^
UnicodeEncodeError: 
'charmap' codec 
can't encode 
characters in 
position 7-8: 
character maps to 
<undefined>
Starting test...
Response received (no exception raised):
Exception caught in test: 'charmap' codec can't encode characters in position 7-8: character maps to <undefined>
Traceback (most 
recent call last):
  File "E:\QB\CubieHe
lp-main\reproduce_429
.py", line 45, in 
test_429_error
    print(f"Reply: 
{body.get('reply')}")
  File "C:\Users\logi
s\AppData\Local\Progr
ams\Python\Python311\
Lib\encodings\cp1252.
py", line 19, in 
encode
    return codecs.cha
rmap_encode(input,sel
f.errors,encoding_tab
le)[0]
           ^^^^^^^^^^
^^^^^^^^^^^^^^^^^^^^^
^^^^^^^^^^^^^^^^^^^^^
^^^
UnicodeEncodeError: 
'charmap' codec 
can't encode 
characters in 
position 7-8: 
character maps to 
<undefined>

During handling of 
the above exception, 
another exception 
occurred:

Traceback (most 
recent call last):
  File "E:\QB\CubieHe
lp-main\reproduce_429
.py", line 60, in 
<module>
    reply = loop.run_
until_complete(test_4
29_error())
            ^^^^^^^^^
^^^^^^^^^^^^^^^^^^^^^
^^^^^^^^^^^
  File "C:\Users\logi
s\AppData\Local\Progr
ams\Python\Python311\
Lib\asyncio\base_even
ts.py", line 654, in 
run_until_complete
    return 
future.result()
           
^^^^^^^^^^^^^^^
  File "E:\QB\CubieHe
lp-main\reproduce_429
.py", line 53, in 
test_429_error
    print(f"Handler 
Reply: 
{body.get('reply')}")
  File "C:\Users\logi
s\AppData\Local\Progr
ams\Python\Python311\
Lib\encodings\cp1252.
py", line 19, in 
encode
    return codecs.cha
rmap_encode(input,sel
f.errors,encoding_tab
le)[0]
           ^^^^^^^^^^
^^^^^^^^^^^^^^^^^^^^^
^^^^^^^^^^^^^^^^^^^^^
^^^
UnicodeEncodeError: 
'charmap' codec 
can't encode 
characters in 
position 15-16: 
character maps to 
<undefined>
